<?xml version="1.0" encoding="UTF-8" ?>
<testsuites name="vitest tests" tests="1" failures="1" errors="0" time="0">
    <testsuite name="src/test/compliance/doh-compliance-comprehensive.test.ts" timestamp="2025-07-03T11:53:03.298Z" hostname="0b3ae101e64b" tests="1" failures="1" errors="0" skipped="0" time="0">
        <testcase classname="src/test/compliance/doh-compliance-comprehensive.test.ts" name="src/test/compliance/doh-compliance-comprehensive.test.ts" time="0">
            <failure message="Parse failure: Expression expected
At file: /app/src/services/doh-schema-validator.service.js:3047:18" type="RollupError">
RollupError: Parse failure: Expression expected
At file: /app/src/services/doh-schema-validator.service.js:3047:18
  File: /app/src/services/doh-schema-validator.service.js:3047:18
  3045|  {
  3046|      score: number;
  3047|      gaps: string[];
     |                   ^
  3048|      criticalIssues: string[];
  3049|      modules: any;
 ❯ getRollupError node_modules/rollup/dist/es/shared/parseAst.js:401:41
 ❯ convertProgram node_modules/rollup/dist/es/shared/parseAst.js:1089:26
 ❯ parseAstAsync node_modules/rollup/dist/es/shared/parseAst.js:2075:106
 ❯ ssrTransformScript node_modules/vite/dist/node/chunks/dep-DBxKXgDP.js:25598:11
            </failure>
        </testcase>
    </testsuite>
</testsuites>
